STORELAND.Table_name                        Rows_count
ACCUEIL_INTRANET_NEG                                 0
ACCUEIL_LANGUE_INTRANET_NEG                          0
ACTIONS_MARKETING                                  143
ADRESSAGE_TROLLEY_RADIO                              0
ADRESSES_CLIENT                                700,020
ADRESSES_CLIENT_NEG                                  0
ADRESSES_CLIENT_PFL                            162,904
ADRESSES_FOURNISSEUR                                 1
ADRESSES_MAGASIN                                   650
ADRESSES_SITE                                        3
ADRESSES_SOCIETE                                     1
ADRESSES_WST                                   215,012
AFFILIE_ARTICLE_EXCLU                                0
AFFILIE_COMMISSION                                   0
AFFILIE_FACTURE_DETAIL                               0
AFFILIE_FACTURE_PERIODE                              0
AFFILIE_MAGASIN                                      0
AFFILIE_TYPE_FACTURATION                             0
AGREGAT_TICKET_VENTE                         2,133,070
AGREGAT_TICKET_VENTE_TMP                     1,000,763
AG_                                              9,392
AG_TMP                                           3,690
AIF_CLASSPROD3_CORRESP                               0
AIF_COMPTA_MAG                                       0
AIF_FOURNISSEURS                                     0
AIF_IMPRIMANTES_MAGASINS                             0
AIF_LIGNES_CDE_TRAITEES                              0
AIF_MAGASIN_LANGUES                                  0
AIF_ZONE_TAXATION                                    0
ANNULE_VENTE_TMP                                     0
ANOMALIES_RECEPTION_DEPOT                            0
ARRET_REASSORT_MAGASIN                               0
ARRET_REASSORT_MAGASIN_JOUR                          0
ARRET_REASSORT_PRODUIT_JOUR                          0
ARRET_REASSORT_SECTEUR                               0
ARTICLES                                     5,959,465
ARTICLES_AUTRES_DONNEES                              0
ARTICLES_FOURNISSEURS                                0
ARTICLES_NO_SERIE                                    0
ARTICLE_FF_PRIX                                    249
ART_PAS_DESC_TABLE2                                  0
ASSOCIATIONS_CLASSPROD_MARQUE                        5
ASSOCIATIONS_ENSEIGNE_MARQUE                         6
ASSOCIATIONS_PRODUITS                                0
AUTRES_MVT_POINTS_FIDELITE                           0
AVOIRS_NEG                                           0
AXES_STATISTIQUES                                    3
AXES_STATISTIQUES_CLIENTS                           92
AXES_STATISTIQUES_CLIENTS_D                          0
AXES_STATISTIQUE_CLASSPROD                           0
BACKUP_CLIENTS_GPE_MAGASIN                     124,548
BACKUP_LBM_ARTICLE                           1,499,934
BACKUP_LBM_TARIF                             2,058,736
BACKUP_STATS_CLIENTS_BCH_21_12                 346,956
BACKUP_TMP_ECARTCARTE                              298
BANQUES_LC                                           0
BASCULE_CORRESPONDANCE_CLIENT                        0
BCH_ECART_PRIX                                  69,486
BESOINS_REASSORT                                     0
BONS_PRET                                            0
BOUTONS_UTILISATEUR                                242
BO_ACCESMAGASIN                                    236
BO_ETATS                                             0
BO_ETATS_UTILISATEURS                                0
BO_FACTURES_CLIENT                                   0
BUDGET_ACHATS                                        0
CADRAGE_BUDGET_POIDSCLASSPROD                        0
CADRAGE_PLAN_COLLECTION                              0
CAISSES                                            409
CAISSES_DESC_PERIPH                                  9
CALCUL_PLAN_ASSORTIMENT                              0
CAMPAGNES_MARKETING                                  0
CAPACITE_MAGASIN                                     0
CARACTERISTIQUES_COMMANDE                            0
CARACTERISTIQUES_ENTRETIEN                          18
CARACTERISTIQUES_PRODUIT                             0
CARACTERISTIQUE_PDT_CLASSPROD3                       0
CARAC_ENTRETIEN_LANGUE                               0
CARTE_FIDELITE_CLIENT                          849,060
CATALOGUES_NEG                                       0
CATALOGUE_NEG_LANGUE                                 0
CATALOGUE_PRODUIT_DETAIL                             0
CATALOGUE_PRODUIT_ENTETE                             2
CATALOGUE_PRODUIT_ETATS                              2
CATALOGUE_PRODUIT_PARAMETRES                        43
CAUSES_RETOUR_FOURNISSEUR                            0
CDES_DOCPROFORMAT                                    0
CDES_FOURNITURES                                     0
CFU_AXES_STATS_CLIENTS                               0
CHANGEMENTS_RDV_LIVR_FRN                             0
CHANGEPV_OPECOM                                      0
CHEQUES_CADEAUX                                      0
CIBLES_IMPLANTATION                                  2
CIBLES_IMPLANTATION_CLASSPROD                        0
CIBLES_IMPLANTATION_SAISON                           0
CIBLES_IMPLANTATION_STAT                             0
CIBLE_ACTIONS_MARKETING                            143
CLASSCOMP1                                           0
CLASSCOMPOSANT1                                      0
CLASSCOMPOSANT2                                      0
CLASSEURS_MESSAGE                                  560
CLASSPROD0                                           3
CLASSPROD0_LANGUE                                    0
CLASSPROD1                                          98
CLASSPROD1_LANGUE                                    0
CLASSPROD2                                         606
CLASSPROD2_LANGUE                                    0
CLASSPROD3                                       9,440
CLASSPROD3_LANGUE                                    0
CLIENTS                                        698,985
CLIENTS_ATTENTE_REF                                  0
CLIENTS_GPE_MAGASIN                          1,681,935
CLIENTS_GPE_MAGASIN_DOUBLONS                    22,748
CLIENTS_GPE_MAGASIN_PFL                        573,489
CLIENTS_GPE_MAGASIN_SUPP_CRM                   152,083
CLIENTS_NEG                                          0
CLIENTS_NEG_TMP                                      0
CLIENTS_SOCIETES_NEG                                 0
CLIENT_TRUFFAUT                                      0
CODES_DOUANIERS                                      1
CODES_DOUANIERS_PAYS_FAB                             1
CODES_ENTRETIEN_COMPOSANT                            0
CODES_ENTRETIEN_PRODUIT                             10
CODES_ENTRETIEN_PRODUIT_COL                          0
CODES_ERREUR_TERM_PORT                               0
CODES_ETAT_CDE_WST                                   0
CODES_ETAT_FACTURE_MAGASIN                           0
CODES_ETAT_LIGNE_CDE_WST                             0
CODES_ETAT_TERM_PORT                                 0
CODES_INCOTERM                                       0
CODES_INCOTERM_LANGUE                                0
CODES_MATIERE                                        0
CODES_MATIERE_LANGUE                                 0
CODES_RAISONS_REGUL_FACTURE                          6
CODES_RAPPROCHEMENT_RCP_MAG                          0
CODES_TRAITEMENT_NUIT                               36
CODE_COM                                             0
COEFF_CORRECTION_PREV_VENTE                          0
COEFF_FACT_PRODUIT_SOCIETE                           0
COLISAGES_STANDARD                                   0
COLIS_STANDARD                                       0
COLORIS                                              2
COLORIS_DE_BASE                                      1
COLORIS_LANGUE                                       0
COLORIS_PAYS                                         0
COMMANDES                                            0
COMMANDES_A_PREPARER                                 0
COMMANDES_COLISAGE                                   0
COMMANDES_COMPOSANTS_FACON                           0
COMMANDES_MAG_DEPOT                                  0
COMMANDES_NEG                                        0
COMMANDES_WEB                                        0
COMMANDES_WST                                        0
COMMENTAIRE_WST                                250,251
COMPARE_SAISONS                                      0
COMPOSANTS                                           0
COMPOSANTS_ARTICLES_CDE                              0
COMPOSANTS_COLORIS                                   0
COMPOSANTS_CP1_GESTION                               0
COMPOSANTS_CT                                        0
COMPOSANTS_EMPLOI_LAIZE                              0
COMPOSANTS_FOURNISSEURS                              0
COMPOSITION_COMPOSANT                                0
COMPOSITION_KIT                                      0
COMPOSITION_PRODUIT                                  0
COMPOSITION_PRODUIT_COL                              0
COMPTA_ACHAT_PARAM                                   0
COMPTA_AC_SAGE                                       0
COMPTA_ARRET_CAISSES                                 0
COMPTA_CB_COMMISSIONS                                0
COMPTA_CB_COMMISSIONS_MAG                            0
COMPTA_CENTRE                                        0
COMPTA_CLASSPROD2                                    0
COMPTA_CLIENTS_NEG                                   0
COMPTA_COMPTES                                       0
COMPTA_COMPTES_ACHATS                                0
COMPTA_COMPTES_AVOIRS                                0
COMPTA_COMPTES_CAISSES                               0
COMPTA_COMPTES_CLIENTS                               0
COMPTA_COMPTES_CONSO                                 0
COMPTA_COMPTES_DEPENSES                              0
COMPTA_COMPTES_DEP_REC_MAG                           0
COMPTA_COMPTES_RECETTES                              0
COMPTA_COMPTES_REGLEMENTS                            0
COMPTA_COMPTES_TVA                                   0
COMPTA_COMPTES_VENTES                                0
COMPTA_COMPTES_VTES                                  0
COMPTA_COMPTES_VTES_MAGASINS                         0
COMPTA_FOURNISSEURS                                  0
COMPTA_FOURNISSEURS_ACHAT                            0
COMPTA_FRAIS_ANNEXES                                 0
COMPTA_JOURNAL_COM                                   0
COMPTA_JOURNAL_VENTE                                 0
COMPTA_MAGASINS_ACHATS                               0
COMPTA_MAGASINS_REGLEMENTS                           0
COMPTA_MAGASIN_CTRL_COM                              0
COMPTA_MAGASIN_CTRL_VTE                              0
COMPTA_MAGASIN_SECTEUR_SOCIETE                       0
COMPTA_NOM_EXPORT                                    0
COMPTA_NOM_EXPORT_COM                                0
COMPTA_NUMERO_COMMANDE                               0
COMPTA_PARAMETRE_CODA                                0
COMPTA_POINTAGE                                      0
COMPTA_POINTAGE_REB                                  0
COMPTA_REGLEMENTS                                    0
COMPTA_REGROUPEMENT_CAISSES                          0
COMPTA_REGUL_NOTE_DEBIT                              0
COMPTA_RUBRIQUES                                     0
COMPTA_SOCIETE                                       0
COMPTA_SOCIETES_ACHATS                               0
COMPTA_SOCIETES_REGLEMENTS                           0
COMPTA_SOUS_FAMILLE                                  0
COMPTA_STOCK_DEPOTS                                  0
COMPTA_STOCK_MAGASINS                                0
COMPTA_STOCK_PARAM                                   0
COMPTA_STOCK_SOCIETE                                 0
COMPTA_SUIVI                                         0
COMPTA_TVA_ACHATS                                    0
COMPTA_TVA_ACHATS_JOURNAL                            0
COMPTA_VENTES                                        0
COMPTA_VENTES_ANALYTIQUE                             0
COMPTA_VENTES_MAGASINS                               0
COMPTES_COMPTABLE                                    0
COMPTEURS_STOCK_DEPOT                               12
COMPTEURS_STOCK_MAGASIN                             12
COMP_ART_CDE_DETAIL_PXREV                            0
CONCURRENCES_ACTION_MKT                              0
CONDITIONNEMENTS_COLIS                               0
CONDITIONNEMENTS_COLIS_MAGASIN                       0
CONDITIONNEMENTS_LANGUE                              0
CONDITIONS_ENTRETIEN_LANGUE                          0
CONDITIONS_REGLEMENT                                13
CONDITIONS_REGLEMENT_LANGUE                          0
CONDITIONS_TRANSPORT                                 1
COND_REGLEMENT_CLIENTS_NEG                           0
COND_REGLEMENT_FOURNISSEUR                           0
CONSOLE_CONNEXION_HISTORIQUE                 2,576,488
CONSOLE_FERMETURE_HISTORIQUE                    54,239
CONSOLE_FONCTION_HISTORIQUE                  2,771,184
CONSOLE_MENU                                         0
CONSOLE_MENU_HISTORIQUE                         21,050
CONSOLE_OUVERTURE_HISTORIQUE                 1,673,294
CONSOLE_PARAMETRES                                  10
CONSOLE_PROCESSUS_HISTORIQUE                    15,960
CONSOLE_TICKETS_MANQUANTS                       89,149
CONSOLE_TICKET_HISTORIQUE                      762,196
CONSOLE_TRANSFERT_HISTORIQUE                    52,295
CONSO_SAV                                            0
CONSO_SEUILS_STOCK_MAGASIN                           0
CONSO_STAT1                                    404,023
CONSO_STAT2                                          0
CONSO_STAT3                                    199,409
CONSO_STAT4                                          0
CONSO_STAT5                                 11,987,307
CONSO_STAT6                                          0
CONSO_STAT7                                          0
CONSO_STAT8                                          0
CONTROLES_IMPORT_DEPOTS                              0
CONVERSION_DEVISE_TARIF_NEG                          0
CONVERSION_EURO_MAGASINS                           650
CORRESPONDANCES_PRODUIT_OVS                          0
CORRESPONDANCES_STL_EXT                              0
CORRESP_PICKING_DISTRIB                              0
COURBES_DE_VIE                                       0
COURBES_DE_VIE_AXESTAT                               0
COURBES_VIE_PRODCOL                                  0
COUTS_ACTION_MARKETING                               0
CREDIT_HEURES_MAGASIN                                0
CRM_CHQ_MAG_IMPR                                     0
CRM_CLIENTS_REJETES                                  0
CRM_PB_CARTE_ACTIVE_A                                0
CRM_PB_CARTE_ACTIVE_Y                                0
CRM_REQUETE_W3                                       0
CRM_TICKET_RATTACHE_STL                              0
CRM_TRAD_LIBELLE_AM                                  0
CYVENTE_CLASSPROD1                                   9
CYVENTE_CLASSPROD2                                 431
CYVENTE_DEVISE                                       0
DATES_ACTION_MARKETING                             242
DATES_OPE_COMM                                 167,380
DATES_OPE_COMM_REM                                   0
DATE_IMPLANT_ARTICLE_MAG                             0
DATE_IMPLANT_PRODCOL_MAG                             0
DC_CARTE_FIDELITE_CLIENT                         1,592
DC_CLIENTS                                           0
DC_CLIENTS2                                          0
DC_CORR_CARTE                                    1,592
DC_INT_INFOCARTECLIENTS                              0
DC_INT_INFOCLIENTS                                   0
DC_INT_INFOSTATSCLIENTS                              0
DC_PERSONNELS                                        0
DC_PERSONNEL_ENSEIGNE                                0
DC_PERSONNEL_MAGASIN                                 0
DC_STATS_CLIENT                                      0
DECHARGT_PORTABLES_MAGASIN                           0
DEFINITION_CHAMP_SITE                                0
DEMANDES_TRF_MAGASIN                                 0
DEPOTS                                               1
DESCRIPTIONS_PRODUIT_WEB                     5,962,887
DESTINATAIRES_MESSAGE                                0
DETAIL_MOUVEMENT_TPE                                 0
DEVISES                                          8,098
DEVISES_FOURNISSEUR                                  0
DEVISES_ISO                                         10
DISTRIBUTION_COLIS                                   0
DLA_ARTICLE_A_ENVOYER                          217,334
DOCATT_REQUETE_W3                                    0
DOC_REGUL_FACTURES_ACHAT                             0
DONNEES_JALON_TRACKING                               0
DOSSIERS_SAV                                         0
ECARTS_FACTURE                                       0
ECH_ACTIONS_MARKETING                                0
ECH_ACTION_MARKETING                                 0
ECH_CLIENTS                                          0
ECH_ENVOIS_MARKETING                                 0
ECH_ERR_ACTIONS_MARKETING                            0
ECH_ERR_ACTION_MARKETING                             0
ECH_ERR_CLIENTS                                      0
ECH_ERR_ENVOIS_MARKETING                             0
ECH_ERR_NPAI                                         0
ECH_ERR_OSCC                                         0
ECH_ERR_PROLONG_CHQFID                               0
ECH_ERR_STATS_CLIENT                                 0
ECH_NPAI                                             0
ECH_OSCC                                             0
ECH_PROLONG_CHQFID                                   0
ECH_STATS_CLIENT                                     0
ED_STK_DEP_CIA_TMP                                   0
ED_STK_DEP_CODECPTSTKDEP_TMP                         0
ED_STK_DEP_TMP                                       0
ED_STK_MAG_CIA_TMP                                   0
ED_STK_MAG_CODECPTSTKMAG_TMP                         0
ED_STK_MAG_CODEMAG_TMP                               0
ED_STK_MAG_CODEPAYS_TMP                              0
ED_STK_MAG_TMP                                       0
ELASTICITES_VENTE                                    0
ELEMENTS_CARACTERISTIQUE_PDT                         0
ELEMENTS_COURBES_VIE                                 0
ELEMENTS_QUESTIONS_MAGASINS                          0
ELEMENTS_STATISTIQUES                               35
ELEMENT_FICHE_CLIENT                                31
ELEMENT_STATISTIQUES_CLIENT                         86
ELEMENT_STATISTIQUES_CLIENT_D                        0
ELEMENT_STATISTIQUE_CLASSPROD                        0
ELT_TEST_SEB                                         0
EMPLACEMENTS_DEPOT                                   1
EMPLACEMENTS_DEPOT_DEFAUT                            0
EMPLACEMENTS_DEPOT_DEFAUT_TMP                        0
ENSEMBLES                                            0
ENVOIS_MARKETING                             9,061,429
ERREUR                                         184,908
ERREUR2                                              0
ERREURS                                              0
ERREURS_INTEGRATION_VENTE                            0
ERREURS_LIVRAISON                                    0
ERROR at line 1:
ERROR at line 1:
ERROR at line 1:
ERROR at line 1:
ERROR at line 1:
ERROR at line 1:
ERROR at line 1:
ERROR at line 1:
ESPECES                                              0
ES_STOCK_MAGASIN                                     0
ETAPES_SOLUTION_TYPE_TRSPT                           0
ETATS_CARTE_FIDELITE_CLIENT                          6
ETATS_COMMANDE                                       5
ETATS_COMPOSANT                                      2
ETATS_FACTURE_ACHAT                                  1
ETATS_FOURNISSEUR                                    3
ETATS_LANCEMENT_PRODUIT                              0
ETATS_LIGNE_COMMANDE_NEG                             3
ETATS_LISTE_PICKING                                  0
ETATS_NOTE_REGUL                                     0
ETATS_OPE_COMM                                       4
ETATS_PRODUIT                                        4
ETATS_RECEPTION                                      5
ETATS_RETOURS_DEPOT                                  0
ETATS_RETOUR_DEPOT                                   3
ETATS_TROLLEY                                        0
EXCEPTIONS_MODULES_ASSORT_MAG                        0
EXPORTS_MAGASIN                                      0
EXTRACTIONS_MOUVEMENT                                1
EXTRACTION_MVTS_STOCK                                0
FACTURATIONS_CLIENT                              2,489
FACTURATIONS_CLIENT_PFL                          2,244
FACTURES_ACHAT                                       0
FACTURES_ACHAT_MULTITVA                              0
FACTURES_CDES                                        0
FACTURES_EXPORT                                      0
FACTURES_MAGASIN                                     0
FACTURES_NEG                                         0
FACTURES_NEG_MD                                      0
FACTURES_TICKET                                 16,874
FACTURES_TRANSPORTEUR                                0
FAMILLE                                              0
FORMATS_ETIQUETTE                                    0
FORMAT_EDITION_PRELEV_STOCK                          0
FORMAT_EXTRACT_ACTION_MKT                            7
FORMULAIRES_CLIENT                                  11
FOURNISSEURS                                         1
FOURNISSEURS_EMAIL                                   0
FRAIS_ANNEXES_FACTURE                                0
FSI_MONTANT_DEVISE                                   0
FT_AGENCES                                           0
FT_CIB                                               0
FT_CIB_TMP                                           0
FT_CODIF                                             0
FT_CORRITF                                           0
FT_CORRITF_TMP                                       0
FT_LIGNES_HISTO_NSERIE_EXPDPOT                       0
FT_LIGNES_LOCATION_PRODUIT                           0
FT_LIGNES_VENTE_INTERNE                              0
FT_LOCATIONS_PRODUIT                                 0
FT_LOCATIONS_PRODUIT_SAV                             0
FT_LOG_TRAITEMENT                                    0
FT_MAGASINS                                          0
FT_MVT_STOCK                                         0
FT_PARAMETRE                                         0
FT_PAYS                                              0
FT_RECETTES                                          0
FT_REMISE                                            0
FT_REPERIMETRAGE                                     0
FT_SAV                                               0
FT_TVA                                               0
FT_VENTES_INTERNES                                   0
FT_ZABPQ                                             0
GRILLES_AJUSTEMENT_STOCK                             0
GRILLES_REPARTITION_VENTEPOT                         0
GRILLES_TAILLE                                       2
GRILLES_TAILLE_COMPOSANT                             1
GRILLES_TAILLE_GRILLE_TARIF                          1
GRILLES_TARIF                                        0
GRILLES_TARIF_TAILLE                                 1
GRILLES_VARIANTE                                     1
GROUPES_DEPOTS                                       0
GROUPES_LOGISTIQUE                                   0
GROUPES_MAGASIN                                      5
GROUPES_MAGASIN_PCW                                  0
GROUPES_MODULES_ASSORTIMENT                          0
GROUPES_PARAMETRE_PCW                                0
GROUPES_RATIO_TAILLE                                 0
GRPES_MODULES_ASSORT_LANGUES                         0
GRP_RATIO_TAILLE_ASSORT_MAG                          0
GUELTES                                              0
GUELTES_MAGASIN                                      0
HABILITATIONS_BO                                     5
HABILITATIONS_FICHE_CLIENT                           7
HABILITATIONS_FORMULAIRES                          551
HABILITATIONS_UTILISATEUR                        5,248
HABILITATIONS_UTILISATEUR_OLD                        0
HEURES_APPEL_MAGASIN                                 0
HEURES_DEPOT                                         0
HEURES_MAGASIN                                   4,417
HEXAPOSTE                                       39,616
HISTORIQUE_CAISSES                           3,699,356
HISTO_ACCROCHAGES_TICKET                        54,872
HISTO_APPELS_HOTLINE                                 0
HISTO_CAISSES_COMPTA_KOOKAI                          0
HISTO_CB_COLIS                                       0
HISTO_CB_FRN                                 6,030,049
HISTO_COMPOSANTS_FOURNISSEURS                        0
HISTO_DATE_IMPLANT_PRODCOL                           0
HISTO_DEPENSES_RECETTES                        254,727
HISTO_FACTURES_MAGASIN                               0
HISTO_GUELTES                                        0
HISTO_LIGNES_COMMANDE                                0
HISTO_MODIFS_CLIENTS                           933,554
HISTO_MVTS_DIV_STOCK_COMP                            0
HISTO_MVTS_NSERIE                                    0
HISTO_MVTS_STOCK_COLIS_DEPOT                         0
HISTO_MVTS_STOCK_DEPOT                               0
HISTO_MVTS_STOCK_DEPOT_COMP                          0
HISTO_MVTS_STOCK_MAG                           451,910
HISTO_MVTS_STOCK_MAG_NSERIE                          0
HISTO_OSCC                                     519,859
HISTO_PERS_MAG_IDE                                  10
HISTO_PRODUITS_FOURNISSEURS                          0
HISTO_QTE_RESERVEE_CDE                               0
HISTO_REPORTS_DATE_CDE_COMP                          0
HISTO_REPORTS_DATE_CDE_PF                            0
HISTO_SAISONGEST_PRODCOL                     2,354,079
HISTO_STATS_MAGASIN                              7,399
HISTO_STATS_PRODUIT_COLORIS                          0
HISTO_STOCK_SITE                                     0
HISTO_TICKETS_DETAXES                                0
HISTO_TIC_ENTETE                            83,596,750
HISTO_TVA_PAYS                                      10
HISTO_VENTES_ARTICLE_MAG                             0
IMAGES_COMPOSANTS_COLORIS                            0
IMAGES_MAGASIN                                       0
IMAGES_OPE_COMM                                      0
IMAGES_PERSONNEL                                     0
IMAGES_PRODUIT_COLORIS                               0
IMPLANTATION_NOUVEAUTES                              0
IMPLANTATION_NOUVEAUTES_COLIS                        0
IMPLANTATION_NVTES_ARTICLES                          0
IMPORTS_INVDEPOT                                     0
IMPORTS_MAGASIN                                      0
IMPORTS_RECEPTION_TP                                 0
IMPUTATIONS_EC_CONSO_COMP                            0
IMPUTS_EC_CONSO_COMP_OBS                             0
INIT_CONSO_STAT1                                     0
INIT_VTES_ARTICLE_MAG_PERIODE                        0
INTEGRATIONS_VENTE                                   0
INTERLOCUTEURS_CLIENT_NEG                            0
INTERLOCUTEURS_FOURNISSEUR                           0
INTERLOCUTEURS_SOCIETE                               0
INT_ADRESSES_FOURNISSEUR                             0
INT_ARTICLES                                     2,293
INT_ARTICLES_FOURNISSEURS                            0
INT_AXES_STATISTIQUES                                0
INT_CLASSPROD0                                       0
INT_CLASSPROD1                                       0
INT_CLASSPROD2                                       0
INT_CLASSPROD3                                       0
INT_COLORIS                                          0
INT_COLORIS_DE_BASE                                  0
INT_COND_REGLEMENT_FOURNISSEUR                       0
INT_DATES_OPE_COMM                                   2
INT_DESCRIPTIONS_PRODUIT_WEB                     2,293
INT_DEVISES_FOURNISSEUR                              0
INT_ELEMENTS_STATISTIQUES                            0
INT_FOURNISSEURS                                     0
INT_GRILLES_TAILLE                                   0
INT_HISTO_CB_FRN                                 2,710
INT_INFOCARTECLIENTS                             6,220
INT_INFOCLIENTS                                 64,367
INT_INFOCLIENT_GPE_MAGASIN                     132,461
INT_INFOFACTURATION_CLIENT                       6,189
INT_INFOSTATSCLIENTS                            81,360
INT_LIGNES_GRILLE_TAILLE                             0
INT_LIGNES_OPE_COMM                                  0
INT_MODES_REGL_FOURNISSEUR                           0
INT_OPERATIONS_COMMERCIALES                          2
INT_PERSONNELS                                   2,398
INT_PERSONNEL_MAGASIN                            2,398
INT_PRODUITS                                     2,293
INT_PRODUITS_COLORIS                             2,293
INT_PRODUITS_ETIQUETTE                               0
INT_REJETS                                         608
INT_SAISONS                                          0
INT_STATS_PRODUIT_COLORIS                        2,293
INT_STATS_PRODUIT_LBM                              974
INT_STOCKS_ARTICLES_DEPOTS                           0
INT_STOCKS_ARTICLES_MAGASINS                         0
INT_TARIFS                                       2,293
INT_TARIFS_FUTURS                                    0
INT_TARIFS_GROUPE_MAGASIN                           14
INT_TVA_PAYS                                         0
INT_TVA_PRODUIT_PAYS                             2,293
INT_TYPE_AXE_STATISTIQUE                             0
INVALID1103                                      4,205
INVENTAIRES_DEPOT                                    0
INVENTAIRES_DEPOT_ALLEE                              0
INVENTAIRES_DEPOT_RADIO                              0
INVENTAIRES_DEPOT_RADIO_TMP                          0
INVENTAIRES_MAGASIN                                  0
INVENTAIRES_MAGASIN_PRODUIT                          0
JALONS_TRACKING                                      0
JSP_ERREUR                                           0
KK_PRODUITS_CH                                       0
LANCEMENTS_PRODUIT                                   0
LANGUES                                              2
LBM_ACTION_MARKETING                                 6
LBM_ARTICLE                                  5,959,248
LBM_ARTICLE_MANQUANT                               110
LBM_ARTICLE_REVISION                           162,913
LBM_CARTES_CLIENTS                             523,291
LBM_CLIENTS                                    601,294
LBM_CLIENTS_INTERFACE                                0
LBM_CLIENTS_REJET                               29,462
LBM_CLIENT_TOP                                 424,913
LBM_CLIENT_TOP_TEMP                                  0
LBM_COMMANDE_ENTETE                            107,506
LBM_COMMANDE_POSTE                             394,809
LBM_COMMANDE_RETOUR_STATUT                      82,669
LBM_CP                                           9,441
LBM_CP_HISTO                                     9,441
LBM_DETAXE                                     670,000
LBM_EAN                                      6,255,041
LBM_ECARTS                                   1,140,022
LBM_ECARTS_KS                                1,139,480
LBM_FF_ARTCODE                                 326,611
LBM_FF_FULL_VBE                                  8,190
LBM_FF_SUPP                                    105,034
LBM_FF_VBE                                           0
LBM_GESTION_CARTES_CHGT_NIVEAU                  95,619
LBM_GPE_MAGASIN                              1,158,002
LBM_HIERARCHIE                                  10,147
LBM_HISTO_STATSCLIENT                           36,678
LBM_INT_ADRESSES_CLIENT                              1
LBM_INT_CARTE_FIDELITE_CLIENT                        2
LBM_INT_CLIENTS                                      1
LBM_INT_CLIENTS_GPE_MAGASIN                          3
LBM_INT_CLIENTS_REJETS                           7,150
LBM_INT_STATS_CLIENT                                10
LBM_LOGS                                       421,859
LBM_LOG_CLIENTS                                      0
LBM_LOG_PERSONNELS                              81,583
LBM_MESSAGE_ID                                 616,366
LBM_PARAM_INTERFACE                                  1
LBM_PARAM_INTERFACE_CLI                              6
LBM_PARAM_PURGE                                     31
LBM_PHI                                         54,776
LBM_PRELEVEMENTS                                 3,678
LBM_REAF_CARTE                                       0
LBM_REGLEMENT                                        0
LBM_REMISE_LIGNE                                     0
LBM_RENVOI_RUPTURE_TICKET                            1
LBM_REPRISE_CHKDO                              126,836
LBM_RESERVATIONS_A_EXTRAIRE                          0
LBM_RUPTURETICKET                                  218
LBM_STATS                                    6,500,413
LBM_STATS_PRODUIT                               93,997
LBM_STATUS_CAISSE                                2,025
LBM_SUIVI_BATCH_INTEGRATION                  3,345,420
LBM_TARIF                                    7,489,367
LBM_TARIF_EN_ERREUR                          1,133,656
LBM_TARIF_GROUPE_MAGASIN                            25
LBM_TARIF_PFL                                   12,588
LBM_TICKETS_JP                                       0
LBM_TICKET_A_EXTRAIRE                              113
LBM_TICKET_EXTRAIT                             744,503
LBM_TICKET_REVISION                              3,263
LBM_TMP_ERI_ETO                                  1,387
LBM_TYPERECHERCHE_CLI                                3
LBM_TYPE_REMISE                                     21
LBM_VENTE_ACT_MKT                           16,605,339
LBM_VENTE_ACT_MKT_REPONSES                   7,173,455
LBM_VENTE_ATTRIBUTS                              4,610
LBM_VENTE_ENTETE                            14,136,753
LBM_VENTE_ENTETE_ARCHIVE                             0
LBM_VENTE_ENTETE_UNITAIRE                            0
LBM_VENTE_POSTE                             53,640,612
LBM_VENTE_POSTE_ARCHIVE                              0
LBM_VENTE_REGLEMENT                         14,642,183
LBM_VENTE_REGLEMENT_ARCHIVE                          0
LECTEURS_MESSAGE                                     0
LETTRES_CREDIT                                       0
LIENS_PLAN_COLLECTION                                0
LIENS_PLAN_COLLECTION_PAYS                           0
LIEUX_TRANSPORT                                      0
LIGNES_ADRESSAGE_TROLLEY_RADIO                       0
LIGNES_AVANTAGE_ACTION_MKT                         123
LIGNES_AVOIR_NEG                                     0
LIGNES_BON_PRET                                      0
LIGNES_BUDGET_ACHATS                                 0
LIGNES_CADRAGE_PLAN_COLLECTION                       0
LIGNES_CALCUL_PLAN_ASSORTIMENT                       0
LIGNES_CATALOGUE_NEG                                 0
LIGNES_CDE_DOCPROFORMAT                              0
LIGNES_CDE_MAG_COLIS                                 0
LIGNES_CDE_MAG_DEPOT                                 0
LIGNES_CIBLE_IMPLANTATION                          651
LIGNES_CMD_COLIS_A_PREPARER                          0
LIGNES_COLISAGE_STANDARD                             0
LIGNES_COMMANDE                                      0
LIGNES_COMMANDES_A_PREPARER                          0
LIGNES_COMMANDES_NEG                                 0
LIGNES_COMMANDE_CALC                                 0
LIGNES_COMMANDE_COLISAGE                             0
LIGNES_COMMANDE_COLIS_CALC                           0
LIGNES_COMMANDE_MAGASIN                              0
LIGNES_COMMANDE_OBS                                  0
LIGNES_COMMANDE_RELANCE_FRN                          0
LIGNES_COMMANDE_WEB                                  0
LIGNES_COMMANDE_WST                                  0
LIGNES_CONDITION_ACTION_MKT                        361
LIGNES_COND_NATURE_ACTION_MKT                      121
LIGNES_DECHARGT_PORTABLE_MAG                         0
LIGNES_DEMANDE_TRF_MAGASIN                           0
LIGNES_DOC_REGUL_FACTURE_ACHAT                       0
LIGNES_ENS_PRODUIT_COLORIS                           0
LIGNES_EXPORT_MAGASIN                                0
LIGNES_FACTURE_ACHAT                                 0
LIGNES_FACTURE_EXPORT                                0
LIGNES_FACTURE_MAGASIN                               0
LIGNES_FACTURE_MAGASIN_1                             0
LIGNES_FACTURE_MAGASIN_2                             0
LIGNES_FACTURE_MAGASIN_3                             0
LIGNES_FACTURE_MAGASIN_91                            0
LIGNES_FACTURE_MAGASIN_92                            0
LIGNES_FACTURE_MAGASIN_93                            0
LIGNES_FACTURE_MAGASIN_94                            0
LIGNES_FACTURE_NEG                                   0
LIGNES_FACTURE_NEG_MD                                0
LIGNES_FACTURE_TICKET                          148,238
LIGNES_FACTURE_TRANSPORTEUR                          0
LIGNES_FMT_EXTRACT_ACT_MKT                         110
LIGNES_FORMULAIRE_CLIENT                           262
LIGNES_GRILLE_AJUSTEMENT                             0
LIGNES_GRILLE_TAILLE                                 2
LIGNES_GRILLE_TAILLE_COMPOSANT                       1
LIGNES_GRILLE_TAILLE_PAYS                            0
LIGNES_GRILLE_TARIF                                  0
LIGNES_GRILLE_TARIF_TAILLE                           1
LIGNES_GRILLE_VARIANTE                               1
LIGNES_GRILLE_VARIANTE_PAYS                          0
LIGNES_GROUPE_DEPOTS                                 0
LIGNES_GROUPE_MAGASIN                            1,300
LIGNES_GROUPE_MAGASIN_PCW                            0
LIGNES_GROUPE_PARAMETRE_PCW                          0
LIGNES_GUELTE                                        0
LIGNES_HISTO_MVTS_NSERIE                             0
LIGNES_IMPLANTATION_NOUVEAUTES                       0
LIGNES_IMPORT_INVDEPOT                               0
LIGNES_IMPORT_MAGASIN                                0
LIGNES_IMPORT_RECEPTION_TP                           0
LIGNES_INVDEP_RADIO                                  0
LIGNES_INVENTAIRE_DEPOT                              0
LIGNES_INVENTAIRE_MAGASIN                            0
LIGNES_INVMAG_NSERIE                                 0
LIGNES_LANCEMENT_PRODUIT                             0
LIGNES_LETTRE_CREDIT                                 0
LIGNES_LISTE_PICKING                                 0
LIGNES_LISTE_PICKING_CDE                             0
LIGNES_LISTE_PICKING_COLIS                           0
LIGNES_LISTE_PICKING_COLIS_DEP                       0
LIGNES_LISTE_PICKING_COL_TMP                         0
LIGNES_LISTE_PICKING_COMP                            0
LIGNES_LISTE_PICKING_DEPOT                           0
LIGNES_LISTE_PICKING_RADIO                           0
LIGNES_LISTE_PICKING_TMP                             0
LIGNES_LIVMAG_NSERIE                                 0
LIGNES_LIVRAISON_CDE_WST                             0
LIGNES_LIVRAISON_COLIS_DEPOT                         0
LIGNES_LIVRAISON_COLIS_MAGASIN                       0
LIGNES_LIVRAISON_DEPOT                               0
LIGNES_LIVRAISON_MAGASIN                             0
LIGNES_LIVRAISON_UG                                  0
LIGNES_LIV_PALETTE_MAG                               0
LIGNES_LPICKCOMP_DETAIL_PXREV                        0
LIGNES_METHODE_REASSORT                              0
LIGNES_MOUVEMENT_STOCK_MAG                           0
LIGNES_OPE_COMM                                      0
LIGNES_OPE_COMM_REM                                  0
LIGNES_PARAM_EXPORT_TRANSPORT                        0
LIGNES_PERIMETRE_ACTION_MKT                        659
LIGNES_PERIMETRE_ACTION_MKT_T                        0
LIGNES_PERIODE_TARIF                                 0
LIGNES_PLAN_COLLECTION                               0
LIGNES_PLAN_COLLECTION_ASSORT                        0
LIGNES_PLAN_COLLECTION_AXESTAT                       0
LIGNES_PLAN_COL_ARTICLE                              0
LIGNES_PLAN_COL_PROFIL_FRAIS                         0
LIGNES_PLAN_COL_VENTES_PERIODE                       0
LIGNES_PLAN_JALONNEMENT_TRK                          0
LIGNES_PROFIL_FRAIS_ACHAT                            0
LIGNES_QTE_A_CDER_GRLE_TAILLE                        0
LIGNES_RANGEMENT_RCP_RADIO                           0
LIGNES_RATIOTAILLE_NEG                               0
LIGNES_RCP_DEFAUTS_COLIS                             0
LIGNES_RDV_LIVRAISONS_FRN                            0
LIGNES_READRESSAGE_RADIO                             0
LIGNES_RECEPTION                                     0
LIGNES_RECEPTION_COLIS                               0
LIGNES_RECEPTION_COLIS_DEPOT                         0
LIGNES_RECEPTION_CTRL_QUAL                           0
LIGNES_RECEPTION_DEFAUTS                             0
LIGNES_RECEPTION_DEPOT                               0
LIGNES_RECEPTION_MAGASIN                             0
LIGNES_REGLE_CONV_PRIX_VENTE                         0
LIGNES_REGLE_DEF_COLISAGE                            0
LIGNES_REG_PONDERATION_MAG                           0
LIGNES_REINTEGRATION_DEPOT                           0
LIGNES_REPART_QTESACDER                              0
LIGNES_RESERV_STOCK_CLIENT                           0
LIGNES_RESTRICTIONS                                  0
LIGNES_RETOUR_DEPOT                                  0
LIGNES_RETOUR_DEPOT_TELEPH                           0
LIGNES_RETOUR_FOURNISSEUR                            0
LIGNES_SESSION_CAISSE                            1,325
LIGNES_SORTIE_COLIS_STOCK_DEP                        0
LIGNES_SORTIE_STOCK_DEPOT                            0
LIGNES_SORTIE_STOCK_DEPOT_TMP                        0
LIGNES_SUIVI_DISTRIB_RADIO                           0
LIGNES_SUIVI_PRELEV_RADIO                            0
LIGNES_SUIVI_PRLV_RCP_RADIO                          0
LIGNES_SUIVI_RAMASSAGE_RADIO                         0
LIGNES_TARIF_FACTURATION                             0
LIGNES_TAUX_DECOTE_NIV_STOCK                         0
LIGNES_TERM_PORT                                     0
LIGNES_TRACKING                                      0
LIGNES_TRACKING_COMMANDE                             0
LIGNES_TRACKING_PRODUIT                              0
LIGNES_TRK_CDE_DETAIL_JALON                          0
LIGNES_TRK_PDT_DETAIL_JALON                          0
LIGNES_TROLLEY                                       0
LIGNES_TROLLEY_RUPTURE                               0
LIGNES_TROLLEY_TEMP                                  0
LIGNES_VAGUE_TRIEUSE                                 0
LIGNES_VIDAGE_RADIO                                  0
LISTESOLDE09_01_2008                                 0
LISTESOLDE_0901                                      0
LISTES_PICKING                                       0
LISTES_PICKING_COLIS                                 0
LISTES_PICKING_COLIS_DEPOT                           0
LISTES_PICKING_COMP                                  0
LISTES_PICKING_DEPOT                                 0
LISTES_PICKING_IGNOREES                              0
LISTE_PICKING_TMP                                    0
LISTE_PL_CALCUL_AXE_CLIENT                           0
LISTE_SOLDES_09_01                                   0
LISTE_TROLLEY_RAMASSAGE                              0
LIVRAISON                                            0
LIVRAISONS_DEPOT                                     0
LIVRAISONS_MAGASIN                                   0
LIVRAISONS_MAGASIN_RADIO                             0
LIVRAISONS_PALETTE_MAGASIN                           0
LIVRAISONS_SUPPRIMEES                                0
LIVREUR                                              0
LOCK_BUDGET_ACHATS                                   0
LOCK_PLAN_COLLECTION                                 0
LOGTARIFS                                            0
LOG_BASCULE_EURO                                     0
LOG_TRAITEMENTS                                782,660
MAGASINS                                           650
MAGASINS_AGENCEMENT                                  0
MAGASINS_DEPOTREASSORT                             651
MAGASINS_DE_PASSAGE                          4,517,959
MAGASINS_REASSORT_EXTERNE                            0
MAGASINS_TRIEUSE                                   648
MAGJOUR_OBSERVATIONS                                 0
MAG_JOUR                                        25,661
MAJ_TRANSIT                                          0
MENU_WEB                                             0
MESSAGES_EMIS                                        0
MESSAGES_INTERNES                                    0
MESSAGES_RECUS                                       0
METHODES_REASSORT                                    0
MODES_REGLEMENT                                      0
MODES_REGLEMENT_FOURNISSEUR                          0
MODES_REGLEMENT_LANGUE                               0
MODES_REGLEMENT_MAGASIN                             12
MODES_REGL_MAGASIN_PAYS                             39
MODES_REGL_MAG_LANGUE_PAYS                          76
MODES_TRAITEMENT_CDE_NEG                             0
MODES_TRANSPORT                                      1
MODULES_ASSORTIMENT                                  0
MODULES_ASSORTIMENT_LANGUES                          0
MODULES_ASSORT_MAG                                   0
MODULES_ASSORT_PRODUIT                               0
MOTIFS_CHANGEMENT_RDV_LIVR_FRN                       0
MOTIFS_FACTURE_NON_RAPPRO                            0
MOTIFS_NON_RAPPRO_AUTO                               0
MOTIFS_RCP_NON_FACTURABLE                            0
MOTS                                                 0
MOUVEMENTS_COFFRE                                    0
MOUVEMENTS_STOCK_MAG                                 0
MO_DUREEVIEMOYENNE                                   0
MO_DUREEVIE_ARTICLE_MAG                              0
MO_ETIQUETTES                                        0
MVTS_ARTICLES_JOUR_COURANT                           0
MVTS_STOCK_COMPPDT                                   0
MVTS_STOCK_DEPOT                                    52
MVTS_STOCK_MAG                                      87
MVTS_STOCK_MAGDEP                                    0
MVTS_STOCK_PDTCOMP                                   0
NAMED_SQL                                            0
NAMED_SQL_GROUP                                      0
NATURES_ES_STOCKS                                    0
NATURES_ETIQUETTE                                    0
NBUNITPRESENT_ASSORT_MAG                             0
NBUNITPRES_PUISS_MAG_PROD                            0
NIVEAUX_GRAVITE_MSG_LOG                              3
NOMENCLATURES_PRODUIT                                0
NOMENCS_PRODUIT_FRN                                  0
NOMENCS_PRODUIT_FRN_TAILLE                           0
NOMENCS_PRODUIT_TAILLE                               0
NUM_FACTURE_TICKET                              25,183
OBJECTIFS_MAGASIN                                    0
OBJECTIFS_MAGASIN_CLASSPROD                          0
OBJECTIF_PERSONNEL_VENTE                             0
OBSERVATIONS_COMMANDE                                0
OBSERVATIONS_COMPOSANT                               0
OBSERVATIONS_ENTETE_BL_NEG                           0
OBSERVATIONS_ENTETE_FACT_NEG                         0
OBSERVATIONS_FACTURE_NEG                             0
OBSERVATIONS_FACTURE_NEG_MD                          0
OBSERVATIONS_PIED_BL_NEG                             0
OBSERVATIONS_RECEPTION                               0
OPERATIONS_COMMERCIALES                        167,380
OPERATIONS_COMMERCIALES_REM                          0
OPERATIONS_MARKETING                                 0
ORA-00942: table or view does not exist
ORA-00942: table or view does not exist
ORA-00942: table or view does not exist
ORA-00942: table or view does not exist
ORA-00942: table or view does not exist
ORA-00942: table or view does not exist
ORA-00942: table or view does not exist
ORA-00942: table or view does not exist
PAIEMENTS_LETTRE_CREDIT                              0
PALMARES1                                            0
PALMARES2                                            0
PALMARES3                                            0
PALMARES5                                            0
PARAM01_AID_OPE_COMM                                 0
PARAM02_AID_OPE_COMM                                 0
PARAM03_AID_OPE_COMM                                 0
PARAMETRAGE_ETATS_RECEPTION                          1
PARAMETRES_BO_WEB                                   24
PARAMETRES_BUDGET_ACHATS                            22
PARAMETRES_CALCUL_STOCK_SITE                         2
PARAMETRES_CDE_INITIALE                              1
PARAMETRES_CODEBARRES_EMPLACT                        0
PARAMETRES_CODELIVRAISONMAG                          0
PARAMETRES_COMMANDE                                  0
PARAMETRES_CRM_SITE                                 57
PARAMETRES_DEFINITION_PRODUIT                        7
PARAMETRES_EQUILIBRAGE_DEPOT                         0
PARAMETRES_ETAT_TRACKING                             0
PARAMETRES_EXPORT_TRANSPORT                          0
PARAMETRES_FACTURATIONCLIENT                         1
PARAMETRES_FACTURATION_MAG                           1
PARAMETRES_GENERAUX_FABR                             2
PARAMETRES_GENERAUX_REASSMAG                         1
PARAMETRES_GENERAUX_SITE                           195
PARAMETRES_IMAGES                                    3
PARAMETRES_IMPL_NVTES                                1
PARAMETRES_IMPORT_INVENTAIRE                         0
PARAMETRES_MULTI_ENSEIGNE                            6
PARAMETRES_PALMARES                                  1
PARAMETRES_PALMARES_2                                1
PARAMETRES_PALMARES_3                               17
PARAMETRES_PALMARES_4                                0
PARAMETRES_PK_INTERFACE                              1
PARAMETRES_PK_OVS                                    0
PARAMETRES_PLANNING_LIV                              0
PARAMETRES_PLAN_COLLECTION                          27
PARAMETRES_PORTEFEUILLE_CDE                         21
PARAMETRES_POSTE                                    42
PARAMETRES_REASSORT_MAGASINS                         0
PARAMETRES_RECEPTION                                 2
PARAMETRES_SITE                                      0
PARAMETRES_TRAITEMENT_NUIT                         120
PARAMETRES_UTILISATEUR                             112
PARAM_BASCULE_CODECLIENT                             0
PARAM_BASCULE_CODERGLT                               0
PARAM_CALCUL_BUDGET_ACHATS                           7
PARAM_CALCUL_STOCKOPTIMAL_NUIT                       0
PARAM_CUMULACHATS                                    1
PARAM_DATES_IMPLANTATION                             0
PARAM_DISPATCH_MAGASIN                               0
PARAM_EDITION_LISTECOLISAGE                        671
PARAM_EXPEDITION_CLIENT_NEG                          0
PARAM_EXPEDITION_NEG                                 0
PARAM_FACTURATION_TRANSPORTEUR                       0
PARAM_FACTURE_CLIENT_NEG                             0
PARAM_FRN_SORTIE_STOCK                               0
PARAM_GENERAUX_BUDGET_ACHAT                          1
PARAM_GENERAUX_LETTRES_CREDIT                        1
PARAM_GENERAUX_NEGOCE                                0
PARAM_GENERAUX_PLAN_ASSORT                           1
PARAM_GENERAUX_PLAN_COLLECTION                       1
PARAM_GENERAUX_TRACKING                              0
PARAM_IMP_PORTEF_CDE_DETAIL                          0
PARAM_IMP_PORTEF_CDE_ENTETE                          1
PARAM_IMP_SYNTH_ACHAT                               16
PARAM_NOUV_VERSION_BUDGET                           20
PARAM_PCB                                            0
PARAM_PERIODES_PLAN_COLLECTION                       0
PARAM_PROF_FRS_ACH_FOUR_GPEMAG                       0
PARAM_PX_VENTE                                       0
PARAM_QTE_A_CDER                                     0
PARAM_QTE_A_CDER_GRILLE_TAILLE                       0
PARAM_RAPPR_FACTURE_ACHAT                            0
PARAM_TRACKING_FOURNISSEUR                           0
PARAM_TRACKING_UTILISATEUR                           0
PARAM_TRANCHES_PRIX_VENTE                            0
PARITES_EURO                                         0
PAYS                                               250
PAYS_DOUANE                                          0
PAYS_PROHIBES                                        0
PA_MAGASINS                                          0
PCB_COLORIS                                          0
PCB_TAILLE                                           0
PCTEXCEDENT_PREPA_COMPOSANT                          0
PCW_PARAMETRE_MAGASIN                                0
PENALITES_RETARD_RCP_COMP                            0
PENALITES_RETARD_RCP_PF                              0
PERIODES_GESTION                                     0
PERIODES_NON_CST                                     0
PERIODES_TARIF                                       0
PERSONNELS                                      14,339
PERSONNEL_ENSEIGNE                              19,479
PERSONNEL_MAGASIN                                   36
PIECES_COMPTABLE                               252,792
PIECES_JOINTES_MESSAGES                              0
PIEDS_COMMANDE                                       0
PILE_TRAITEMENTS                                     0
PLANNING_APPEL_MAGASINS                              0
PLANNING_TRAITEMENT_NUIT                            98
PLANS_JALONNEMENT_TRK                                0
PLAN_COLLECTION                                      0
PLAN_TABLE                                      95,645
PLAN_TFJ                                             0
PLSQL_PROFILER_DATA                                  0
PLSQL_PROFILER_RUNS                                  0
PLSQL_PROFILER_UNITS                                 0
PMP_ARTICLES                                         0
PMP_ARTICLES_SOCIETE                                 0
PMP_ARTICLE_DETAIL_PXREV                             0
PMP_COMPOSANTS_CT                                    0
POIDS_FACTURE_EXPORT                                 0
POIDS_JOUR                                           0
POIDS_MAGASIN                                      651
POIDS_SEMAINE                                        0
POIDS_TAILLE_VARIANTE                                0
POINTAGE_PERSONNEL                                   0
PREPA_JOURNEE                                      649
PREPA_JOURNEE_TMP                                    0
PRESTATIONS_ETAPE_SOL_T                              0
PREVISIONS_VENTE                                     0
PRIORITE_REASSORT                                    0
PRIO_EDITION_DOC_REASSORT                            0
PRM_CLASSPROD3                                       0
PRM_MAGASINS                                         0
PRM_PRODUITS                                         0
PRM_PRODUITS_COLORIS                                 0
PRODUITS                                     5,959,454
PRODUITS_ASSOCIES                                    0
PRODUITS_COLORIS                             5,959,465
PRODUITS_COLORIS_LANGUE                              0
PRODUITS_ETIQUETTE                           5,959,465
PRODUITS_LANGUE                                      0
PRODUITS_NO_SERIE                                    0
PRODUITS_REMPLACEMENT                                0
PRODUITS_SERVICES_OPTIONS                            0
PRODUITS_SUBSTITUTION_REASSORT                       0
PROF$PLAN_TABLE                                      0
PROFILS_FRAIS_ACHAT                                  0
PUISSANCES_ASSORT_MAG                                0
PUISSANCES_MAGASIN                                   0
PUISSANCES_PRODUIT                                   0
PURGE_CLIENTS                                        0
QTES_A_CDER_GROUPES_MAGASIN                          0
QUAIS_DEPOT                                          0
QUESTIONS_ACTIONS_MKT                               26
QUESTIONS_MAGASIN                                    0
QUEST_TEMP_EXPLAIN                                   0
RADIO_GESTION_RUPTURE                                0
RADIO_PRELEV                                         0
RADIO_RAMASSAGE                                      0
RANGEMENT_RECEPTION_RADIO                            0
RATIOTAILLE_NEG                                      0
RATIO_TAILLE_ASSORT                                  0
RATIO_TAILLE_CLIENTNEG                               0
RB_FIELD                                             0
RB_FOLDER                                            0
RB_ITEM                                              0
RB_ITEM2                                             0
RB_JOIN                                              0
RB_TABLE                                             0
RDV_LIVRAISONS_FRN                                   0
REACTIONS_MARKETING                            926,314
READRESSAGE_RADIO                                    0
RECEPTEURS_MESSAGE                                   0
RECEPTIONS                                           0
RECEPTIONS_DEPOT                                     0
RECEPTIONS_MAGASIN                                   0
REF_CII                                            114
REGLES_CALCUL_PRMP_SOCIETE                           0
REGLES_CONTROLE_QUALITE                              0
REGLES_CONVERSION_PRIX_VENTE                         0
REGLES_DEFINITION_COLISAGE                           0
REGLES_MATCHCODE                                    70
REGLES_MATCHCODE_FLMD                                0
REGLES_PONDERATION_MAGASIN                           0
REGLES_PRELEV_ECH                                    0
REGLES_REPART_QTESACDER                              0
REGLE_SEUIL_REASSORT_COLIS                           0
REGROUPEMENTS_CLIENT                                 0
REINTEGRATIONS_DEPOT                                 0
REJETS_STL                                         192
REJETS_STL_SCRIPT                                  101
REMISES_DETAILLEES                                   0
REMISES_TARIF_NEG                                    0
REMISES_TRANSPORTEUR_MAGASIN                         0
REORG0708STATSAVANT                                317
REPART_QTESACDER                                     0
REPART_QTESACDER_ARTICLE                             0
REPONSES_ACTIONS_MKT                         7,290,553
REPONSES_AUX_QUESTIONNAIRES                          0
REPONSES_MAGASIN                                     0
RESAZONEVAL_WST                              1,604,775
RESAZONEVAL_WST_SAV                            139,031
RESERVATIONS_STOCK                                   0
RESERVATIONS_STOCK_CLIENT                            0
RESERVATIONS_STOCK_COLIS                             0
RESERVATIONS_STOCK_SALV                              0
RESERVATIONS_WST                               373,769
RESERVATIONS_WST_SAV                            39,487
RESERVS_STOCK_COMPOSANT                              0
RESSOURCES_TRACKING_FRN                              0
RETENTION_MAIL_CLIENT                                0
RETOURS_DEPOT                                        0
RETOURS_DEPOT_TELEPH                                 0
RETOURS_FOURNISSEUR                                  0
RP_LIGNES_RESERV_STOCK_CLIENT                        0
SAISONS                                              1
SAISONS_MODULES_ASSORT                               0
SAISONS_SAUVE_SEB                                    0
SALV_METAUX_PRECIEUX                                 0
SAP_TVA_PAYS                                         0
SAV_DOSSIERS                                         0
SAV_HISTO_OSCC                                       0
SAV_INTEGRATIONS_VENTE                               0
SAV_LIEN_PRESTATAIRES_MAGASIN                        0
SAV_MOTIF_CLOTURE                                    0
SAV_PRESTATAIRE_TYPEPRESTATION                       0
SAV_TYPES_PRESTATION                                 0
SECTEURS_DEPOT                                       1
SEMAINES_GESTION                                     0
SENS_COUPE_COMPOSANT                                 0
SERVICES_ASSOCIES                                    0
SESSIONS_CAISSE                                    933
SEUILS_STOCK_ARTICLE_MAGASIN                         0
SIM_CD                                               0
SITE                                                 0
SNAPSHOT_A_CREER                                     0
SOCIETES                                             1
SOCIETES_MAGASIN                                   649
SOLUTIONS_TYPE_TRANSPORT                             0
SORTIES_COLIS_STOCK_DEPOT                            0
SORTIES_STOCK_DEPOT                                  0
SOS_LBM_RTICLE_A_PRENDRE                             0
SOS_STATS_PRODUIT_COLORIS                      948,860
STATS_CLIENT                                16,131,760
STATS_CLIENT_BKP                               337,513
STATS_CLIENT_NEG                                     0
STATS_CLIENT_PFL                               432,467
STATS_COMPOSANT_COLORIS                              0
STATS_FOURNISSEUR                                    0
STATS_INVENTAIRES_MAGASIN                            0
STATS_LOGISTIQUE                                     0
STATS_LOGISTIQUE_OPERATEUR                           0
STATS_MAGASIN                                    1,949
STATS_OPE_COMM                                       0
STATS_OPE_COMM1_TMP                                  0
STATS_OPE_COMM2_TMP                                  0
STATS_PRODUIT_COLORIS                        5,960,845
STATS_PRODUIT_LBM                               93,946
STATS_REASSORT                                       0
STATS_REASSORT_ARTICLE                               0
STATS_RESTE_A_RECEVOIR                               0
STATS_SAV                                            0
STATS_STOCK_ACTUEL                                   0
STKDEPBREAL                                          0
STKDEPCCH                                            0
STKDEPMAG                                            0
STKOPTIMAL_DEFAUT                                    0
STOCKS_ARTICLES_DEPOTS                               0
STOCKS_ARTICLES_MAGASINS                     7,468,877
STOCKS_ARTICLES_MAG_NSERIE                           0
STOCKS_COLIS_DEPOTS                                  0
STOCKS_COMPOSANTS_DEPOTS                             0
STOCK_ARTICLE_DEPOT_SAUVE                            0
STOCK_MAGASIN_OPTIMAL                                0
STRUCTURES_CB_FRN                                    0
SUIVI_ALERTES_WST                            1,966,640
SUIVI_DISTRIBUTION_RADIO                             0
SUIVI_PRELEV_RADIO                                   0
SUIVI_PRELEV_RCP_RADIO                               0
SUIVI_RAMASSAGE_RADIO                                0
SURCOUTS_ACHAT                                       0
SURCOUTS_ACHAT_ARTICLE_FRN                           0
SURCOUTS_ACHAT_CLASSPROD                             0
SURCOUTS_ACHAT_DEPOT                                 0
SURCOUTS_ACHAT_EXCLU                                 0
SURCOUTS_ACHAT_FRN                                   0
SURCOUTS_ACHAT_PRODUIT_FRN                           0
SURCOUTS_ARTICLE_CDE                                 0
SURCOUTS_CDE                                         0
SURCOUTS_PRODUIT_CDE                                 0
SVM_TEMPO_ARTICLE                                  434
SVM_TEMPO_CLIENT                                    37
TABCFU                                               0
TABLES_CONVERSION_EURO                               0
TABLE_LOCK                                          47
TABLE_LOCK_20170619                                 54
TABLE_LOCK_20170619_2                               83
TAILLES_TARIFS                                       0
TAILLE_OBJETS                                        0
TAO_CONV_PRIX_VENTE                                  0
TARIFS                                       6,135,458
TARIFS_CATALOGUE_NEG                                 0
TARIFS_CIA_ABS                                       0
TARIFS_FACTURATION                                   0
TARIFS_FUTURS                                        0
TARIFS_GROUPE_MAGASIN                        3,303,615
TARIFS_MAGASIN                                       0
TARIFS_NEG                                           0
TARIFS_PANNE                                         0
TARIFS_PANNE_PRODUIT                                 0
TARIFS_SERVICES_ASSOCIES                             0
TAUX_DECOTE_NIV_STOCK                                0
TAUX_ROTATION_MINIMUM                                0
TEMOINS_ACTION_MARKETING                             0
TEMPO                                                0
TEMPS_TRAITEMENT_RCPQUAI                             0
TEMP_ARTCODE_PR                                    101
TEMP_CLI                                             0
TEMP_ED_ARTICLE                                      0
TEMP_ED_PXHPROM                                      0
TEMP_ED_PXOPCOM                                      0
TEMP_INT_ARTICLES                                    0
TEMP_INT_CLASSPROD1                                  0
TEMP_INT_CLASSPROD2                                  0
TEMP_INT_CLASSPROD3                                  0
TEMP_INT_DATES_OPE_COMM                              0
TEMP_INT_DESC_PRODUIT_WEB                            0
TEMP_INT_HISTO_CB_FRN                                0
TEMP_INT_OPE_COMM                                    0
TEMP_INT_PRODUITS                                    0
TEMP_INT_PRODUITS_COLORIS                            0
TEMP_INT_PRODUITS_ETIQUETTE                          0
TEMP_INT_STATS_PRODUIT_COLORIS                       0
TEMP_INT_STATS_PRODUIT_LBM                           0
TEMP_INT_TARIFS                                      0
TEMP_INT_TARIFS_FUTURS                               0
TEMP_INT_TARIFS_GROUPE_MAGASIN                       0
TEMP_INT_TVA_PRODUIT_PAYS                            0
TESTPENALITE                                         0
TEST_ARTPROMO                                    5,611
TEST_BF                                             56
TFJ_ACTION_MARK_MAGASIN                              0
TFJ_ACTION_MARK_MAGASIN_LOCK                         0
TFJ_INCIDENT_TYPE                                    0
TFJ_INTEG_AUTO_MAGASIN                               0
TFJ_INTEG_AUTO_MAGASIN_LOCK                          0
TFJ_INTEG_MANU_MAGASIN                               0
TFJ_INTEG_MANU_MAGASIN_LOCK                          0
TFJ_REASSORT_MAGASIN                                 0
TFJ_REASSORT_MAGASIN_LOCK                            0
TITRES_CLIENT                                        8
TITRES_INTERLOCUTEUR                                 0
TMA_M13018_SAVHISTO_OSCC                            25
TMP_112_0_54232037                                   0
TMP_115_0_36092257                                   0
TMP_91_0_55303778                                    0
TMP_AG                                           9,358
TMP_ARTCODE_0901                               124,298
TMP_BFU                                          9,759
TMP_BFU2                                         6,908
TMP_BFUCAISSE                                       47
TMP_CODEINTERNE                                    283
TMP_ERI_ARTSEGEPSUPP                             2,064
TMP_RUTURE                                          34
TMP_TEST                                             1
TOAD_PLAN_TABLE                                 64,218
TOPGU                                               98
TRACKING_INFORMATIONS_JALON                          0
TRADUCTION_COLORIS                                   0
TRAD_DEST                                            0
TRAD_FORMAEXCLURE                                    0
TRAD_LANGUE                                          0
TRAD_LOG_TRAITEMENTS                                 0
TRAD_PARAMETRES_A_TRADUIRE                          16
TRAD_PARAMETRES_LIBELLES                             0
TRAD_SOURCE                                          0
TRAD_SOURCE_CC                                       0
TRAITEMENTS_MAGASIN                             25,629
TRAITEMENTS_NUIT                                     0
TRAITEMENTS_NUIT_SAV                                 5
TRAITEMENT_RECEPTION_RADIO                           0
TRANCHES_HORAIRES                                    0
TRANSFERTS_WINSTORE                                  0
TRANSPORTEURS_MAGASIN                                0
TRANS_TRANSITAIRE_CLIENT_NEG                         0
TRF_LIEN_ARTICLE_MAGASIN                             0
TROLLEYS                                             0
TRUFF_LIGNES_IDOC                                    0
TRUFF_REJETS_SAP_VERS_STL                            0
TVA_PAYS                                             8
TVA_PRODUIT_PAYS                             5,958,413
TVA_TAILLE_PAYS                                      0
TXTFRANCAIS                                          0
TYMP_BFU                                            40
TYPEREASSORT                                         4
TYPES_ACTION_MARKETING                               6
TYPES_ADRESSE                                        3
TYPES_AGENCEMENT_MAGASIN                             0
TYPES_ALERTE_WST                                   227
TYPES_ANOMALIE_RECEPTION                             0
TYPES_APPRO_FOURNISSEURS                             1
TYPES_BTQ                                            0
TYPES_CAMPAGNE_MARKETING                             0
TYPES_CARACTERISTIQUES_PRODUIT                       0
TYPES_CARACTERISTIQUE_CDE                            0
TYPES_CARTE_FIDELITE_CLIENT                         10
TYPES_CATALOGUE_NEG                                  0
TYPES_CLIENT                                         0
TYPES_COMMANDE                                       4
TYPES_COMMANDE_NEG                                   1
TYPES_COUT_ACTION_MARKETING                          0
TYPES_DEFAUT_PRODUIT                                 4
TYPES_DEPENSE                                        4
TYPES_DEPENSES_TVA                                  56
TYPES_DEPENSE_LANGUE                                12
TYPES_DEPOT                                          3
TYPES_DONNEE_JALON_TRK                               0
TYPES_EMBALLAGE                                      3
TYPES_ETAT_CLIENT_NEGOCE                             0
TYPES_ETIQUETTE                                      1
TYPES_EVENEMENT_DEPOT                               11
TYPES_EVENEMENT_MAGASIN                             27
TYPES_FACTURATION_MAGASIN                            0
TYPES_FACTURATION_NEG                                1
TYPES_FOURNISSEUR                                    9
TYPES_GESTION_MAGASIN                                4
TYPES_GUELTE                                         0
TYPES_LANCEMENT_PRODUIT                              6
TYPES_MATIERE                                        5
TYPES_MEDIA_ACTION_MKT                               3
TYPES_MOTIFS_AJOUTS_POINTS                           0
TYPES_MOTIFS_APPEL_HOT_LINE                          0
TYPES_MOTIF_CONSO_COMP                               0
TYPES_MVT_POINTS_FIDELITE                            4
TYPES_NATURE_ARTICLE                                 3
TYPES_NON_RENOUVELLEMENT                             0
TYPES_NO_SERIE_PRODUIT                               0
TYPES_OPE_COMM                                       2
TYPES_OSCC                                           5
TYPES_PANNE                                          0
TYPES_PERSONNEL                                     18
TYPES_PICKING                                        3
TYPES_PICKING_DEPOT                                  2
TYPES_PIECE_COMPTABLE                                5
TYPES_POSTE_MAGASIN                                  1
TYPES_PRESTATION_TRANSPORT                           0
TYPES_PROFIL_FRAIS_ACHAT                             0
TYPES_REGROUPEMENT_CLIENT                            2
TYPES_REGROUPEMENT_OPE_COMM                          1
TYPES_RELANCE_FOURNISSEUR                            0
TYPES_RELANCE_SAV                                    0
TYPES_REMISE                                        21
TYPES_REMISE_LANGUE                                 28
TYPES_RESERVATION_STOCK                             13
TYPES_RESERVE_TRANSPORT                              0
TYPES_RETOUR_CLIENT                                  7
TYPES_RETOUR_DEPOT                                   4
TYPES_RETOUR_MAGASIN                                 1
TYPES_SAV                                            0
TYPES_SOCIETE                                        3
TYPES_STOCKAGE                                       2
TYPES_SURCOUT_ACHAT                                  2
TYPES_TARIF                                          5
TYPES_TARIF_NEG                                      0
TYPES_TRF_INTER_MAGASIN                              0
TYPES_US_STATES                                      0
TYPES_UTILISATEUR                                   20
TYPES_VALIDITE_CARTE_CLIENT                          4
TYPES_VOIE_ADRESSE                                 157
TYPE_AXE_STATISTIQUE                                10
TYPE_EDITION                                         0
TYPE_OPERATION_MARKETING                             6
UNITES_CONDITIONNEMENT                               1
UNITES_GESTION                                       5
UNITES_PRESENTATION                                  0
UNITES_PRESENTATION_LANGUES                          0
UTILISATEURS                                       112
VAGUES_TRIEUSE                                       0
VALEURS_PARAMETRE_PCW                                0
VALIDITE_PTS_FIDELITE_CLIENT                   926,617
VARIANTES                                            1
VARIANTES_PAYS                                       0
VENTES_ARTICLE_INCONNU                       1,387,596
VENTES_ARTICLE_MAG_PERIODE                   4,482,753
VENTES_ARTICLE_PERIODE                       1,634,729
VENTES_CLIENT                                8,346,398
VENTES_TRANCHE_HORAIRE                               0
VENTIL_REC_CDE_MAG_DEPOT                             0
VERSION_BASE                                         0
VIDAGE_RADIO                                         0
VILLES                                               0
VM_SUP_CARTE_FID_CLI                                 0
WEB_ADR_CLIENT_COMMANDE                              0
WEB_MODES_LIVRAISON_CLIENT                           0
WST_CONTROLE_DOC_ATTACHE                             0
WST_SESSIONS                                     3,454
WST_SESSIONSPAIEMENT                             3,892
XML_ADRESSES_CLIENTS                                 0
XML_CLIENTS                                          0
XML_COMMANDES                                        0
XML_COMPOSANTS                                       0
XML_EXPORTS_MAGASIN                                  0
XML_EXP_EXPORTS_MAGASIN                              0
XML_EXP_IMPORTS_MAGASIN                              0
XML_EXP_INVENTAIRES_MAGASIN                          0
XML_EXP_RECEPTIONS_MAGASIN                           0
XML_EXP_RETOURS_DEPOT                                0
XML_IMPORTS_MAGASIN                                  0
XML_INVENTAIRES_DEPOT                                0
XML_INVENTAIRES_MAGASIN                              0
XML_LIGNES_EXPORT_MAGASIN                            0
XML_LIGNES_IMPORT_MAGASIN                            0
XML_LIGNES_INVENTAIRE_DEPOT                          0
XML_LIGNES_INVENTAIRE_MAGASIN                        0
XML_LIGNES_LIVRAISON_MAGASIN                         0
XML_LIGNES_RECEPTION                                 0
XML_LIGNES_RECEPTION_MAGASIN                         0
XML_LIGNES_REINTEGRATION_DEPOT                       0
XML_LIGNES_RETOUR_DEPOT                              0
XML_LISTES_PICKING                                   0
XML_LIVRAISONS_MAGASIN                               0
XML_LOG_RECEPTIONS_MAGASIN                           0
XML_LOG_RETOURS_DEPOT                                0
XML_RECEPTIONS                                       0
XML_RECEPTIONS_MAGASIN                               0
XML_REINTEGRATIONS_DEPOT                             0
XML_RESERVATION                                      0
XML_RETOURS_DEPOT                                    0
XML_SORTIES_DEPOT                                    0
XML_TARIFS                                           0
XML_TICKETS                                          0
ZONES_PLAN_COLLECTION                                0
select 'Article0901' as tbl_name, count (1)  as nb_lignes from Article0901
select 'TicketsDecisionnel0901' as tbl_name, count (1)  as nb_lignes from TicketsDecisionnel0901
select 'temp_ecart_prix' as tbl_name, count (1)  as nb_lignes from temp_ecart_prix
select 'tmpDec0701' as tbl_name, count (1)  as nb_lignes from tmpDec0701
select 'tmp_Matricule_RG' as tbl_name, count (1)  as nb_lignes from tmp_Matricule_RG
select 'tmp_TopGU' as tbl_name, count (1)  as nb_lignes from tmp_TopGU
select 'tmp_article_a_detopper' as tbl_name, count (1)  as nb_lignes from tmp_article_a_detopper
select 'tmp_ecart_SAP_13_11' as tbl_name, count (1)  as nb_lignes from tmp_ecart_SAP_13_11
